// Jest Snapshot v1, https://goo.gl/fbAQLP

exports[`Testing kungfuReducer should do nothing with a junk action 1`] = `
Object {
  "KUNGFU_EXTERNAL": Object {},
  "KUNGFU_INTERNAL": Object {},
  "noRestrictionInternal": Array [],
}
`;
