// Jest Snapshot v1, https://goo.gl/fbAQLP

exports[`Testing testingStateFactory should be constant 1`] = `
Object {
  "archetype": "warrior",
  "automatics": Array [],
  "chi": Object {
    "corrupt": Object {
      "cultivation": 0,
      "value": 0,
    },
    "earth": Object {
      "cultivation": 0,
      "value": 0,
    },
    "enlightened": Object {
      "cultivation": 0,
      "value": 0,
    },
    "fire": Object {
      "cultivation": 0,
      "value": 0,
    },
    "general": Object {
      "cultivation": 0,
      "value": 10,
    },
    "metal": Object {
      "cultivation": 0,
      "value": 0,
    },
    "water": Object {
      "cultivation": 0,
      "value": 0,
    },
    "wood": Object {
      "cultivation": 0,
      "value": 0,
    },
  },
  "concept": undefined,
  "destiny": 20,
  "discounts": Array [
    Object {
      "skills": Array [
        "Awareness",
        "Confidence",
        "Crafting",
        "Finesse",
        "Hardiness",
        "Inspire",
        "Learning",
        "Medicine",
        "Might",
        "Perform",
        "Politics",
        "Ride",
        "Stealth",
        "Survival",
        "Tactics",
        "Wu Wei",
      ],
      "type": "DISCOUNT_SKILL",
      "value": 20,
    },
    Object {
      "kfType": "KUNGFU_EXTERNAL",
      "type": "DISCOUNT_KUNGFU_STYLE",
      "uids": Array [],
      "value": 10,
    },
    Object {
      "kfType": "KUNGFU_INTERNAL",
      "type": "DISCOUNT_KUNGFU_STYLE",
      "uids": Array [],
      "value": 10,
    },
    Object {
      "type": "DISCOUNT_VIRTUE",
      "value": 75,
      "virtues": Array [
        Object {
          "name": "Honor",
          "type": "VIRTUE_CHIVALROUS",
        },
        Object {
          "name": "Benevolence",
          "type": "VIRTUE_CHIVALROUS",
        },
        Object {
          "name": "Righteousness",
          "type": "VIRTUE_CHIVALROUS",
        },
        Object {
          "name": "Loyalty",
          "type": "VIRTUE_CHIVALROUS",
        },
        Object {
          "name": "Force",
          "type": "VIRTUE_CHIVALROUS",
        },
        Object {
          "name": "Revenge",
          "type": "VIRTUE_SELFISH",
        },
        Object {
          "name": "Individualism",
          "type": "VIRTUE_SELFISH",
        },
        Object {
          "name": "Obsession",
          "type": "VIRTUE_SELFISH",
        },
        Object {
          "name": "Ruthlessness",
          "type": "VIRTUE_SELFISH",
        },
        Object {
          "name": "Ferocity",
          "type": "VIRTUE_SELFISH",
        },
      ],
    },
  ],
  "entanglement": 0,
  "kungfu": Object {
    "KUNGFU_EXTERNAL": Object {},
    "KUNGFU_INTERNAL": Object {},
    "noRestrictionInternal": Array [],
  },
  "loresheets": Object {},
  "name": undefined,
  "rank": 2,
  "skills": Array [
    Object {
      "name": "Awareness",
      "specialities": Array [
        "Hear",
        "Sight",
      ],
      "value": 0,
    },
    Object {
      "name": "Confidence",
      "specialities": Array [],
      "value": 0,
    },
    Object {
      "name": "Crafting",
      "specialities": Array [],
      "value": 0,
    },
    Object {
      "name": "Finesse",
      "specialities": Array [],
      "value": 0,
    },
    Object {
      "name": "Hardiness",
      "specialities": Array [],
      "value": 0,
    },
    Object {
      "name": "Inspire",
      "specialities": Array [],
      "value": 0,
    },
    Object {
      "name": "Learning",
      "specialities": Array [],
      "value": 0,
    },
    Object {
      "name": "Medicine",
      "specialities": Array [],
      "value": 0,
    },
    Object {
      "name": "Might",
      "specialities": Array [],
      "value": 0,
    },
    Object {
      "name": "Perform",
      "specialities": Array [],
      "value": 0,
    },
    Object {
      "name": "Politics",
      "specialities": Array [],
      "value": 0,
    },
    Object {
      "name": "Ride",
      "specialities": Array [],
      "value": 0,
    },
    Object {
      "name": "Stealth",
      "specialities": Array [],
      "value": 0,
    },
    Object {
      "name": "Survival",
      "specialities": Array [],
      "value": 0,
    },
    Object {
      "name": "Tactics",
      "specialities": Array [],
      "value": 0,
    },
    Object {
      "name": "Wu Wei",
      "specialities": Array [],
      "value": 0,
    },
  ],
  "virtues": Array [
    Object {
      "name": "Honor",
      "type": "VIRTUE_CHIVALROUS",
      "value": 0,
    },
    Object {
      "name": "Benevolence",
      "type": "VIRTUE_CHIVALROUS",
      "value": 0,
    },
    Object {
      "name": "Righteousness",
      "type": "VIRTUE_CHIVALROUS",
      "value": 0,
    },
    Object {
      "name": "Loyalty",
      "type": "VIRTUE_CHIVALROUS",
      "value": 0,
    },
    Object {
      "name": "Force",
      "type": "VIRTUE_CHIVALROUS",
      "value": 0,
    },
    Object {
      "name": "Revenge",
      "type": "VIRTUE_SELFISH",
      "value": 0,
    },
    Object {
      "name": "Individualism",
      "type": "VIRTUE_SELFISH",
      "value": 0,
    },
    Object {
      "name": "Obsession",
      "type": "VIRTUE_SELFISH",
      "value": 0,
    },
    Object {
      "name": "Ruthlessness",
      "type": "VIRTUE_SELFISH",
      "value": 0,
    },
    Object {
      "name": "Ferocity",
      "type": "VIRTUE_SELFISH",
      "value": 0,
    },
  ],
}
`;
