// Jest Snapshot v1, https://goo.gl/fbAQLP

exports[`Testing kungfuReducer should do nothing with a junk action 1`] = `
Object {
  "archetype": "warrior",
  "bonuses": Array [],
  "chi": Object {
    "corrupt": Object {
      "cultivation": 0,
      "value": 0,
    },
    "earth": Object {
      "cultivation": 0,
      "value": 0,
    },
    "enlightened": Object {
      "cultivation": 0,
      "value": 0,
    },
    "fire": Object {
      "cultivation": 0,
      "value": 0,
    },
    "general": Object {
      "cultivation": 0,
      "value": 0,
    },
    "metal": Object {
      "cultivation": 0,
      "value": 0,
    },
    "water": Object {
      "cultivation": 0,
      "value": 0,
    },
    "wood": Object {
      "cultivation": 0,
      "value": 0,
    },
  },
  "concept": undefined,
  "destiny": 0,
  "discounts": Array [
    Object {
      "skills": Array [
        "Awareness",
        "Confidence",
        "Crafting",
        "Finesse",
        "Hardiness",
        "Inspire",
        "Learning",
        "Medicine",
        "Might",
        "Perform",
        "Politics",
        "Ride",
        "Stealth",
        "Survival",
        "Tactics",
        "Wu Wei",
      ],
      "type": "DISCOUNT_SKILL",
      "value": 20,
    },
  ],
  "entanglement": 0,
  "history": Array [
    Object {
      "error": undefined,
      "meta": undefined,
      "payload": undefined,
      "type": "history/INITIAL_STATE",
    },
    Object {
      "error": undefined,
      "meta": undefined,
      "payload": Object {
        "rank": "4th_rank",
      },
      "type": "header/SET_RANK",
    },
    Object {
      "error": undefined,
      "meta": undefined,
      "payload": Object {
        "archetype": "warrior",
      },
      "type": "header/SET_ARCHETYPE",
    },
    Object {
      "error": undefined,
      "meta": undefined,
      "payload": Object {
        "cost": Object {
          "canPay": true,
          "destiny": 0,
          "original": 0,
        },
        "skill": "Awareness",
        "speciality": "Hear",
      },
      "type": "skills/BUY_SPECIALITY",
    },
    Object {
      "error": undefined,
      "meta": undefined,
      "payload": Object {
        "cost": Object {
          "canPay": true,
          "destiny": 0,
          "original": 0,
        },
        "skill": "Awareness",
        "speciality": "Sight",
      },
      "type": "skills/BUY_SPECIALITY",
    },
  ],
  "kungfu": Object {
    "KUNGFU_EXTERNAL": Object {},
    "KUNGFU_INTERNAL": Object {},
    "noRestrictionInternal": Array [],
  },
  "loresheets": Object {},
  "name": undefined,
  "rank": Object {
    "name": "4th Rank",
    "value": 2,
  },
  "skills": Object {},
  "virtues": Array [
    Object {
      "name": "Honor",
      "type": "VIRTUE_CHIVALROUS",
      "value": 0,
    },
    Object {
      "name": "Benevolence",
      "type": "VIRTUE_CHIVALROUS",
      "value": 0,
    },
    Object {
      "name": "Righteousness",
      "type": "VIRTUE_CHIVALROUS",
      "value": 0,
    },
    Object {
      "name": "Loyalty",
      "type": "VIRTUE_CHIVALROUS",
      "value": 0,
    },
    Object {
      "name": "Force",
      "type": "VIRTUE_CHIVALROUS",
      "value": 0,
    },
    Object {
      "name": "Revenge",
      "type": "VIRTUE_SELFISH",
      "value": 0,
    },
    Object {
      "name": "Individualism",
      "type": "VIRTUE_SELFISH",
      "value": 0,
    },
    Object {
      "name": "Obsession",
      "type": "VIRTUE_SELFISH",
      "value": 0,
    },
    Object {
      "name": "Ruthlessness",
      "type": "VIRTUE_SELFISH",
      "value": 0,
    },
    Object {
      "name": "Ferocity",
      "type": "VIRTUE_SELFISH",
      "value": 0,
    },
  ],
}
`;
