// Jest Snapshot v1, https://goo.gl/fbAQLP

exports[`Testing addKungFuTechnique should not add duplicate techniques 1`] = `
Object {
  "KUNGFU_EXTERNAL": Object {
    "Blossom Harvest": Array [
      "Heart-Fire Temper Skill",
      "Iron Skin",
      "Iron Skin 2",
      "Nine Mountains Great Strength",
      "No Vermin in the World",
    ],
    "Bone-Fed Wolf Fang": Array [
      "Circling Pack",
      "Fighting With Fire",
      "March Towards Hell",
      "Rainfall at Night",
      "Wolves Devour the Lion",
    ],
  },
  "KUNGFU_INTERNAL": Object {
    "Boundless Prosperity Manual": Array [],
  },
}
`;

exports[`Testing createState should create an empty state 1`] = `
Object {
  "KUNGFU_EXTERNAL": Object {},
  "KUNGFU_INTERNAL": Object {},
}
`;
